Archive member included to satisfy reference by file (symbol)

/home/link/avr8-gnu-toolchain/bin/../lib/gcc/avr/5.4.0/avr6/libgcc.a(_udivmodhi4.o)
                              ../Common/Minimal/comtest.o (__udivmodhi4)
/home/link/avr8-gnu-toolchain/bin/../lib/gcc/avr/5.4.0/avr6/libgcc.a(_udivmodsi4.o)
                              serial/serial.o (__udivmodsi4)
/home/link/avr8-gnu-toolchain/bin/../lib/gcc/avr/5.4.0/avr6/libgcc.a(_divmodsi4.o)
                              ../Common/Minimal/integer.o (__divmodsi4)
/home/link/avr8-gnu-toolchain/bin/../lib/gcc/avr/5.4.0/avr6/libgcc.a(_negsi2.o)
                              /home/link/avr8-gnu-toolchain/bin/../lib/gcc/avr/5.4.0/avr6/libgcc.a(_divmodsi4.o) (__negsi2)
/home/link/avr8-gnu-toolchain/bin/../lib/gcc/avr/5.4.0/avr6/libgcc.a(_exit.o)
                              /home/link/avr8-gnu-toolchain/bin/../lib/gcc/avr/5.4.0/../../../../avr/lib/avr6/crtatmega2560.o (exit)
/home/link/avr8-gnu-toolchain/bin/../lib/gcc/avr/5.4.0/avr6/libgcc.a(_copy_data.o)
                              main.o (__do_copy_data)
/home/link/avr8-gnu-toolchain/bin/../lib/gcc/avr/5.4.0/avr6/libgcc.a(_clear_bss.o)
                              main.o (__do_clear_bss)
/home/link/avr8-gnu-toolchain/bin/../lib/gcc/avr/5.4.0/avr6/libgcc.a(_muluhisi3.o)
                              main.o (__muluhisi3)
/home/link/avr8-gnu-toolchain/bin/../lib/gcc/avr/5.4.0/avr6/libgcc.a(_mulshisi3.o)
                              ../Common/Minimal/integer.o (__mulohisi3)
/home/link/avr8-gnu-toolchain/bin/../lib/gcc/avr/5.4.0/avr6/libgcc.a(_umulhisi3.o)
                              /home/link/avr8-gnu-toolchain/bin/../lib/gcc/avr/5.4.0/avr6/libgcc.a(_muluhisi3.o) (__umulhisi3)
/home/link/avr8-gnu-toolchain/bin/../lib/gcc/avr/5.4.0/../../../../avr/lib/avr6/libc.a(memcpy.o)
                              ../../Source/queue.o (memcpy)
/home/link/avr8-gnu-toolchain/bin/../lib/gcc/avr/5.4.0/../../../../avr/lib/avr6/libc.a(system_tick.o)
                              ../../Source/portable/GCC/ATMega323/port.o (system_tick)
/home/link/avr8-gnu-toolchain/bin/../lib/gcc/avr/5.4.0/../../../../avr/lib/avr6/libc.a(system_time.o)
                              /home/link/avr8-gnu-toolchain/bin/../lib/gcc/avr/5.4.0/../../../../avr/lib/avr6/libc.a(system_tick.o) (__system_time)
/home/link/avr8-gnu-toolchain/bin/../lib/gcc/avr/5.4.0/../../../../avr/lib/avr6/libatmega2560.a(eerd_block.o)
                              main.o (eeprom_read_block)
/home/link/avr8-gnu-toolchain/bin/../lib/gcc/avr/5.4.0/../../../../avr/lib/avr6/libatmega2560.a(eewr_byte.o)
                              main.o (eeprom_write_byte)

Allocating common symbols
Common symbol       size              file

portTickRateHz      0x2               ../../Source/portable/GCC/ATMega323/port.o
ticksRemainingInSec
                    0x2               ../../Source/portable/GCC/ATMega323/port.o
__system_time       0x4               /home/link/avr8-gnu-toolchain/bin/../lib/gcc/avr/5.4.0/../../../../avr/lib/avr6/libc.a(system_time.o)

Memory Configuration

Name             Origin             Length             Attributes
text             0x0000000000000000 0x0000000000100000 xr
data             0x0000000000800200 0x000000000000fe00 rw !x
eeprom           0x0000000000810000 0x0000000000010000 rw !x
fuse             0x0000000000820000 0x0000000000000003 rw !x
lock             0x0000000000830000 0x0000000000000400 rw !x
signature        0x0000000000840000 0x0000000000000400 rw !x
user_signatures  0x0000000000850000 0x0000000000000400 rw !x
*default*        0x0000000000000000 0xffffffffffffffff

Linker script and memory map

Address of section .data set to 0x800200
LOAD /home/link/avr8-gnu-toolchain/bin/../lib/gcc/avr/5.4.0/../../../../avr/lib/avr6/crtatmega2560.o
LOAD main.o
LOAD ParTest/ParTest.o
LOAD serial/serial.o
LOAD regtest.o
LOAD ../../Source/tasks.o
LOAD ../../Source/queue.o
LOAD ../../Source/list.o
LOAD ../../Source/croutine.o
LOAD ../../Source/portable/MemMang/heap_1.o
LOAD ../../Source/portable/GCC/ATMega323/port.o
LOAD ../Common/Minimal/crflash.o
LOAD ../Common/Minimal/integer.o
LOAD ../Common/Minimal/PollQ.o
LOAD ../Common/Minimal/comtest.o
LOAD /home/link/avr8-gnu-toolchain/bin/../lib/gcc/avr/5.4.0/../../../../avr/lib/avr6/libm.a
START GROUP
LOAD /home/link/avr8-gnu-toolchain/bin/../lib/gcc/avr/5.4.0/avr6/libgcc.a
LOAD /home/link/avr8-gnu-toolchain/bin/../lib/gcc/avr/5.4.0/../../../../avr/lib/avr6/libm.a
LOAD /home/link/avr8-gnu-toolchain/bin/../lib/gcc/avr/5.4.0/../../../../avr/lib/avr6/libc.a
LOAD /home/link/avr8-gnu-toolchain/bin/../lib/gcc/avr/5.4.0/../../../../avr/lib/avr6/libatmega2560.a
END GROUP
                0x0000000000100000                __TEXT_REGION_LENGTH__ = DEFINED (__TEXT_REGION_LENGTH__)?__TEXT_REGION_LENGTH__:0x100000
                0x000000000000fe00                __DATA_REGION_LENGTH__ = DEFINED (__DATA_REGION_LENGTH__)?__DATA_REGION_LENGTH__:0xfe00
                0x0000000000010000                __EEPROM_REGION_LENGTH__ = DEFINED (__EEPROM_REGION_LENGTH__)?__EEPROM_REGION_LENGTH__:0x10000
                [0x0000000000000003]                __FUSE_REGION_LENGTH__ = DEFINED (__FUSE_REGION_LENGTH__)?__FUSE_REGION_LENGTH__:0x400
                0x0000000000000400                __LOCK_REGION_LENGTH__ = DEFINED (__LOCK_REGION_LENGTH__)?__LOCK_REGION_LENGTH__:0x400
                0x0000000000000400                __SIGNATURE_REGION_LENGTH__ = DEFINED (__SIGNATURE_REGION_LENGTH__)?__SIGNATURE_REGION_LENGTH__:0x400
                0x0000000000000400                __USER_SIGNATURE_REGION_LENGTH__ = DEFINED (__USER_SIGNATURE_REGION_LENGTH__)?__USER_SIGNATURE_REGION_LENGTH__:0x400

.hash
 *(.hash)

.dynsym
 *(.dynsym)

.dynstr
 *(.dynstr)

.gnu.version
 *(.gnu.version)

.gnu.version_d
 *(.gnu.version_d)

.gnu.version_r
 *(.gnu.version_r)

.rel.init
 *(.rel.init)

.rela.init
 *(.rela.init)

.rel.text
 *(.rel.text)
 *(.rel.text.*)
 *(.rel.gnu.linkonce.t*)

.rela.text
 *(.rela.text)
 *(.rela.text.*)
 *(.rela.gnu.linkonce.t*)

.rel.fini
 *(.rel.fini)

.rela.fini
 *(.rela.fini)

.rel.rodata
 *(.rel.rodata)
 *(.rel.rodata.*)
 *(.rel.gnu.linkonce.r*)

.rela.rodata
 *(.rela.rodata)
 *(.rela.rodata.*)
 *(.rela.gnu.linkonce.r*)

.rel.data
 *(.rel.data)
 *(.rel.data.*)
 *(.rel.gnu.linkonce.d*)

.rela.data
 *(.rela.data)
 *(.rela.data.*)
 *(.rela.gnu.linkonce.d*)

.rel.ctors
 *(.rel.ctors)

.rela.ctors
 *(.rela.ctors)

.rel.dtors
 *(.rel.dtors)

.rela.dtors
 *(.rela.dtors)

.rel.got
 *(.rel.got)

.rela.got
 *(.rela.got)

.rel.bss
 *(.rel.bss)

.rela.bss
 *(.rela.bss)

.rel.plt
 *(.rel.plt)

.rela.plt
 *(.rela.plt)

.text           0x0000000000000000     0x2e6e
 *(.vectors)
 .vectors       0x0000000000000000       0xe4 /home/link/avr8-gnu-toolchain/bin/../lib/gcc/avr/5.4.0/../../../../avr/lib/avr6/crtatmega2560.o
                0x0000000000000000                __vectors
                0x0000000000000000                __vector_default
 *(.vectors)
 *(.progmem.gcc*)
                0x00000000000000e4                . = ALIGN (0x2)
                0x00000000000000e4                __trampolines_start = .
 *(.trampolines)
 .trampolines   0x00000000000000e4       0x2c linker stubs
 *(.trampolines*)
                0x0000000000000110                __trampolines_end = .
 *libprintf_flt.a:*(.progmem.data)
 *libc.a:*(.progmem.data)
 *(.progmem*)
                0x0000000000000110                . = ALIGN (0x2)
 *(.jumptables)
 *(.jumptables*)
 *(.lowtext)
 .lowtext       0x0000000000000110       0x5c ../../Source/tasks.o
 .lowtext       0x000000000000016c       0xa8 ../Common/Minimal/integer.o
 .lowtext       0x0000000000000214       0xd8 ../Common/Minimal/PollQ.o
 .lowtext       0x00000000000002ec       0xca ../Common/Minimal/comtest.o
 *(.lowtext*)
                0x00000000000003b6                __ctors_start = .
 *(.ctors)
                0x00000000000003b6                __ctors_end = .
                0x00000000000003b6                __dtors_start = .
 *(.dtors)
                0x00000000000003b6                __dtors_end = .
 SORT(*)(.ctors)
 SORT(*)(.dtors)
 *(.init0)
 .init0         0x00000000000003b6        0x0 /home/link/avr8-gnu-toolchain/bin/../lib/gcc/avr/5.4.0/../../../../avr/lib/avr6/crtatmega2560.o
                0x00000000000003b6                __init
 *(.init0)
 *(.init1)
 *(.init1)
 *(.init2)
 .init2         0x00000000000003b6       0x10 /home/link/avr8-gnu-toolchain/bin/../lib/gcc/avr/5.4.0/../../../../avr/lib/avr6/crtatmega2560.o
 *(.init2)
 *(.init3)
 *(.init3)
 *(.init4)
 .init4         0x00000000000003c6       0x1a /home/link/avr8-gnu-toolchain/bin/../lib/gcc/avr/5.4.0/avr6/libgcc.a(_copy_data.o)
                0x00000000000003c6                __do_copy_data
 .init4         0x00000000000003e0       0x10 /home/link/avr8-gnu-toolchain/bin/../lib/gcc/avr/5.4.0/avr6/libgcc.a(_clear_bss.o)
                0x00000000000003e0                __do_clear_bss
 *(.init4)
 *(.init5)
 *(.init5)
 *(.init6)
 *(.init6)
 *(.init7)
 *(.init7)
 *(.init8)
 *(.init8)
 *(.init9)
 .init9         0x00000000000003f0        0x8 /home/link/avr8-gnu-toolchain/bin/../lib/gcc/avr/5.4.0/../../../../avr/lib/avr6/crtatmega2560.o
 *(.init9)
 *(.text)
 .text          0x00000000000003f8        0x4 /home/link/avr8-gnu-toolchain/bin/../lib/gcc/avr/5.4.0/../../../../avr/lib/avr6/crtatmega2560.o
                0x00000000000003f8                __vector_38
                0x00000000000003f8                __vector_22
                0x00000000000003f8                __vector_28
                0x00000000000003f8                __vector_1
                0x00000000000003f8                __vector_32
                0x00000000000003f8                __vector_34
                0x00000000000003f8                __vector_24
                0x00000000000003f8                __vector_12
                0x00000000000003f8                __vector_55
                0x00000000000003f8                __vector_46
                0x00000000000003f8                __bad_interrupt
                0x00000000000003f8                __vector_6
                0x00000000000003f8                __vector_31
                0x00000000000003f8                __vector_35
                0x00000000000003f8                __vector_39
                0x00000000000003f8                __vector_3
                0x00000000000003f8                __vector_23
                0x00000000000003f8                __vector_30
                0x00000000000003f8                __vector_45
                0x00000000000003f8                __vector_11
                0x00000000000003f8                __vector_54
                0x00000000000003f8                __vector_13
                0x00000000000003f8                __vector_19
                0x00000000000003f8                __vector_56
                0x00000000000003f8                __vector_7
                0x00000000000003f8                __vector_49
                0x00000000000003f8                __vector_41
                0x00000000000003f8                __vector_43
                0x00000000000003f8                __vector_27
                0x00000000000003f8                __vector_5
                0x00000000000003f8                __vector_33
                0x00000000000003f8                __vector_47
                0x00000000000003f8                __vector_52
                0x00000000000003f8                __vector_37
                0x00000000000003f8                __vector_4
                0x00000000000003f8                __vector_44
                0x00000000000003f8                __vector_51
                0x00000000000003f8                __vector_9
                0x00000000000003f8                __vector_2
                0x00000000000003f8                __vector_21
                0x00000000000003f8                __vector_15
                0x00000000000003f8                __vector_36
                0x00000000000003f8                __vector_29
                0x00000000000003f8                __vector_40
                0x00000000000003f8                __vector_8
                0x00000000000003f8                __vector_48
                0x00000000000003f8                __vector_14
                0x00000000000003f8                __vector_53
                0x00000000000003f8                __vector_10
                0x00000000000003f8                __vector_50
                0x00000000000003f8                __vector_16
                0x00000000000003f8                __vector_18
                0x00000000000003f8                __vector_20
                0x00000000000003f8                __vector_42
 .text          0x00000000000003fc       0x76 main.o
                0x000000000000046e                vApplicationIdleHook
 .text          0x0000000000000472       0xa6 ParTest/ParTest.o
                0x0000000000000472                vParTestInitialise
                0x0000000000000484                vParTestSetLED
                0x00000000000004ce                vParTestToggleLED
 .text          0x0000000000000518      0x21e serial/serial.o
                0x0000000000000518                xSerialPortInitMinimal
                0x00000000000005ae                xSerialGetChar
                0x00000000000005c6                xSerialPutChar
                0x0000000000000602                vSerialClose
                0x000000000000061e                __vector_25
                0x00000000000006a8                __vector_26
 .text          0x0000000000000736      0x2d0 regtest.o
                0x00000000000009be                vStartRegTestTasks
                0x00000000000009fa                xAreRegTestTasksStillRunning
 .text          0x0000000000000a06      0xd80 ../../Source/tasks.o
                0x0000000000000ac2                xTaskCreate
                0x0000000000000cba                vTaskDelete
                0x0000000000000d64                vTaskStartScheduler
                0x0000000000000db8                vTaskEndScheduler
                0x0000000000000dc2                vTaskSuspendAll
                0x0000000000000dce                xTaskGetTickCount
                0x0000000000000de2                xTaskGetTickCountFromISR
                0x0000000000000dec                uxTaskGetNumberOfTasks
                0x0000000000000df2                pcTaskGetName
                0x0000000000000e02                xTaskIncrementTick
                0x0000000000000f5a                xTaskResumeAll
                0x0000000000001038                vTaskDelayUntil
                0x00000000000010a6                vTaskDelay
                0x00000000000010ce                vTaskSwitchContext
                0x0000000000001154                vTaskPlaceOnEventList
                0x0000000000001174                vTaskPlaceOnUnorderedEventList
                0x00000000000011a2                xTaskRemoveFromEventList
                0x0000000000001222                vTaskRemoveFromUnorderedEventList
                0x0000000000001286                vTaskSetTimeOutState
                0x00000000000012a6                vTaskInternalSetTimeOutState
                0x00000000000012bc                xTaskCheckForTimeOut
                0x0000000000001310                vTaskMissedYield
                0x0000000000001318                uxTaskResetEventItemValue
                0x0000000000001346                ulTaskNotifyTake
                0x00000000000013e6                xTaskNotifyWait
                0x00000000000014f4                xTaskGenericNotify
                0x00000000000015c6                xTaskGenericNotifyFromISR
                0x00000000000016ba                vTaskNotifyGiveFromISR
                0x000000000000175e                xTaskNotifyStateClear
 .text          0x0000000000001786      0x9d8 ../../Source/queue.o
                0x00000000000018dc                xQueueGenericReset
                0x000000000000195a                xQueueGenericCreate
                0x00000000000019aa                xQueueGenericSend
                0x0000000000001ad6                xQueueGenericSendFromISR
                0x0000000000001b34                xQueueGiveFromISR
                0x0000000000001b7a                xQueueReceive
                0x0000000000001c9e                xQueueSemaphoreTake
                0x0000000000001daa                xQueuePeek
                0x0000000000001ece                xQueueReceiveFromISR
                0x0000000000001f2c                xQueuePeekFromISR
                0x0000000000001f5a                uxQueueMessagesWaiting
                0x0000000000001f6a                uxQueueSpacesAvailable
                0x0000000000001f7e                uxQueueMessagesWaitingFromISR
                0x0000000000001f84                vQueueDelete
                0x0000000000001f88                xQueueIsQueueEmptyFromISR
                0x0000000000001f94                xQueueIsQueueFullFromISR
                0x0000000000001fa2                xQueueCRSend
                0x0000000000002010                xQueueCRReceive
                0x000000000000209e                xQueueCRSendFromISR
                0x00000000000020e4                xQueueCRReceiveFromISR
 .text          0x000000000000215e      0x11e ../../Source/list.o
                0x000000000000215e                vListInitialise
                0x000000000000217a                vListInitialiseItem
                0x0000000000002182                vListInsertEnd
                0x00000000000021c4                vListInsert
                0x0000000000002234                uxListRemove
 .text          0x000000000000227c      0x38c ../../Source/croutine.o
                0x000000000000227c                xCoRoutineCreate
                0x0000000000002360                vCoRoutineAddToDelayedList
                0x00000000000023e4                vCoRoutineSchedule
                0x00000000000025be                xCoRoutineRemoveFromEventList
 .text          0x0000000000002608       0x82 ../../Source/portable/MemMang/heap_1.o
                0x0000000000002608                pvPortMalloc
                0x000000000000266c                vPortFree
                0x000000000000266e                vPortInitialiseBlocks
                0x0000000000002678                xPortGetFreeHeapSize
 .text          0x000000000000268a      0x180 ../../Source/portable/GCC/ATMega323/port.o
                0x000000000000268a                pxPortInitialiseStack
                0x000000000000276e                xPortStartScheduler
                0x00000000000027fe                vPortEndScheduler
 .text          0x000000000000280a      0x192 ../Common/Minimal/crflash.o
                0x0000000000002948                vStartFlashCoRoutines
                0x0000000000002996                xAreFlashCoRoutinesStillRunning
 .text          0x000000000000299c       0x3a ../Common/Minimal/integer.o
                0x000000000000299c                vStartIntegerMathTasks
                0x00000000000029c4                xAreIntegerMathsTaskStillRunning
 .text          0x00000000000029d6       0x76 ../Common/Minimal/PollQ.o
                0x00000000000029d6                vStartPolledQueueTasks
                0x0000000000002a2e                xArePollingQueuesStillRunning
 .text          0x0000000000002a4c       0x66 ../Common/Minimal/comtest.o
                0x0000000000002a4c                vAltStartComTestTasks
                0x0000000000002aa0                xAreComTestTasksStillRunning
 .text          0x0000000000002ab2        0x0 /home/link/avr8-gnu-toolchain/bin/../lib/gcc/avr/5.4.0/avr6/libgcc.a(_udivmodhi4.o)
 .text          0x0000000000002ab2        0x0 /home/link/avr8-gnu-toolchain/bin/../lib/gcc/avr/5.4.0/avr6/libgcc.a(_udivmodsi4.o)
 .text          0x0000000000002ab2        0x0 /home/link/avr8-gnu-toolchain/bin/../lib/gcc/avr/5.4.0/avr6/libgcc.a(_divmodsi4.o)
 .text          0x0000000000002ab2        0x0 /home/link/avr8-gnu-toolchain/bin/../lib/gcc/avr/5.4.0/avr6/libgcc.a(_negsi2.o)
 .text          0x0000000000002ab2        0x0 /home/link/avr8-gnu-toolchain/bin/../lib/gcc/avr/5.4.0/avr6/libgcc.a(_exit.o)
 .text          0x0000000000002ab2        0x0 /home/link/avr8-gnu-toolchain/bin/../lib/gcc/avr/5.4.0/avr6/libgcc.a(_copy_data.o)
 .text          0x0000000000002ab2        0x0 /home/link/avr8-gnu-toolchain/bin/../lib/gcc/avr/5.4.0/avr6/libgcc.a(_clear_bss.o)
 .text          0x0000000000002ab2        0x0 /home/link/avr8-gnu-toolchain/bin/../lib/gcc/avr/5.4.0/avr6/libgcc.a(_muluhisi3.o)
 .text          0x0000000000002ab2        0x0 /home/link/avr8-gnu-toolchain/bin/../lib/gcc/avr/5.4.0/avr6/libgcc.a(_mulshisi3.o)
 .text          0x0000000000002ab2        0x0 /home/link/avr8-gnu-toolchain/bin/../lib/gcc/avr/5.4.0/avr6/libgcc.a(_umulhisi3.o)
 .text          0x0000000000002ab2        0x0 /home/link/avr8-gnu-toolchain/bin/../lib/gcc/avr/5.4.0/../../../../avr/lib/avr6/libc.a(memcpy.o)
 .text          0x0000000000002ab2       0x38 /home/link/avr8-gnu-toolchain/bin/../lib/gcc/avr/5.4.0/../../../../avr/lib/avr6/libc.a(system_tick.o)
                0x0000000000002ab2                system_tick
 .text          0x0000000000002aea        0x0 /home/link/avr8-gnu-toolchain/bin/../lib/gcc/avr/5.4.0/../../../../avr/lib/avr6/libc.a(system_time.o)
 .text          0x0000000000002aea        0x0 /home/link/avr8-gnu-toolchain/bin/../lib/gcc/avr/5.4.0/../../../../avr/lib/avr6/libatmega2560.a(eerd_block.o)
 .text          0x0000000000002aea        0x0 /home/link/avr8-gnu-toolchain/bin/../lib/gcc/avr/5.4.0/../../../../avr/lib/avr6/libatmega2560.a(eewr_byte.o)
                0x0000000000002aea                . = ALIGN (0x2)
 *(.text.*)
 .text.startup  0x0000000000002aea       0x88 main.o
                0x0000000000002aea                main
 .text.hot      0x0000000000002b72      0x1bc ../../Source/portable/GCC/ATMega323/port.o
                0x0000000000002b72                vPortYield
                0x0000000000002c34                vPortYieldFromTick
                0x0000000000002d28                __vector_17
 .text.libgcc.mul
                0x0000000000002d2e        0x0 /home/link/avr8-gnu-toolchain/bin/../lib/gcc/avr/5.4.0/avr6/libgcc.a(_udivmodhi4.o)
 .text.libgcc.div
                0x0000000000002d2e       0x28 /home/link/avr8-gnu-toolchain/bin/../lib/gcc/avr/5.4.0/avr6/libgcc.a(_udivmodhi4.o)
                0x0000000000002d2e                __udivmodhi4
 .text.libgcc   0x0000000000002d56        0x0 /home/link/avr8-gnu-toolchain/bin/../lib/gcc/avr/5.4.0/avr6/libgcc.a(_udivmodhi4.o)
 .text.libgcc.prologue
                0x0000000000002d56        0x0 /home/link/avr8-gnu-toolchain/bin/../lib/gcc/avr/5.4.0/avr6/libgcc.a(_udivmodhi4.o)
 .text.libgcc.builtins
                0x0000000000002d56        0x0 /home/link/avr8-gnu-toolchain/bin/../lib/gcc/avr/5.4.0/avr6/libgcc.a(_udivmodhi4.o)
 .text.libgcc.fmul
                0x0000000000002d56        0x0 /home/link/avr8-gnu-toolchain/bin/../lib/gcc/avr/5.4.0/avr6/libgcc.a(_udivmodhi4.o)
 .text.libgcc.fixed
                0x0000000000002d56        0x0 /home/link/avr8-gnu-toolchain/bin/../lib/gcc/avr/5.4.0/avr6/libgcc.a(_udivmodhi4.o)
 .text.libgcc.mul
                0x0000000000002d56        0x0 /home/link/avr8-gnu-toolchain/bin/../lib/gcc/avr/5.4.0/avr6/libgcc.a(_udivmodsi4.o)
 .text.libgcc.div
                0x0000000000002d56       0x44 /home/link/avr8-gnu-toolchain/bin/../lib/gcc/avr/5.4.0/avr6/libgcc.a(_udivmodsi4.o)
                0x0000000000002d56                __udivmodsi4
 .text.libgcc   0x0000000000002d9a        0x0 /home/link/avr8-gnu-toolchain/bin/../lib/gcc/avr/5.4.0/avr6/libgcc.a(_udivmodsi4.o)
 .text.libgcc.prologue
                0x0000000000002d9a        0x0 /home/link/avr8-gnu-toolchain/bin/../lib/gcc/avr/5.4.0/avr6/libgcc.a(_udivmodsi4.o)
 .text.libgcc.builtins
                0x0000000000002d9a        0x0 /home/link/avr8-gnu-toolchain/bin/../lib/gcc/avr/5.4.0/avr6/libgcc.a(_udivmodsi4.o)
 .text.libgcc.fmul
                0x0000000000002d9a        0x0 /home/link/avr8-gnu-toolchain/bin/../lib/gcc/avr/5.4.0/avr6/libgcc.a(_udivmodsi4.o)
 .text.libgcc.fixed
                0x0000000000002d9a        0x0 /home/link/avr8-gnu-toolchain/bin/../lib/gcc/avr/5.4.0/avr6/libgcc.a(_udivmodsi4.o)
 .text.libgcc.mul
                0x0000000000002d9a        0x0 /home/link/avr8-gnu-toolchain/bin/../lib/gcc/avr/5.4.0/avr6/libgcc.a(_divmodsi4.o)
 .text.libgcc.div
                0x0000000000002d9a       0x2e /home/link/avr8-gnu-toolchain/bin/../lib/gcc/avr/5.4.0/avr6/libgcc.a(_divmodsi4.o)
                0x0000000000002d9a                __divmodsi4
 .text.libgcc   0x0000000000002dc8        0x0 /home/link/avr8-gnu-toolchain/bin/../lib/gcc/avr/5.4.0/avr6/libgcc.a(_divmodsi4.o)
 .text.libgcc.prologue
                0x0000000000002dc8        0x0 /home/link/avr8-gnu-toolchain/bin/../lib/gcc/avr/5.4.0/avr6/libgcc.a(_divmodsi4.o)
 .text.libgcc.builtins
                0x0000000000002dc8        0x0 /home/link/avr8-gnu-toolchain/bin/../lib/gcc/avr/5.4.0/avr6/libgcc.a(_divmodsi4.o)
 .text.libgcc.fmul
                0x0000000000002dc8        0x0 /home/link/avr8-gnu-toolchain/bin/../lib/gcc/avr/5.4.0/avr6/libgcc.a(_divmodsi4.o)
 .text.libgcc.fixed
                0x0000000000002dc8        0x0 /home/link/avr8-gnu-toolchain/bin/../lib/gcc/avr/5.4.0/avr6/libgcc.a(_divmodsi4.o)
 .text.libgcc.mul
                0x0000000000002dc8        0x0 /home/link/avr8-gnu-toolchain/bin/../lib/gcc/avr/5.4.0/avr6/libgcc.a(_negsi2.o)
 .text.libgcc.div
                0x0000000000002dc8       0x10 /home/link/avr8-gnu-toolchain/bin/../lib/gcc/avr/5.4.0/avr6/libgcc.a(_negsi2.o)
                0x0000000000002dc8                __negsi2
 .text.libgcc   0x0000000000002dd8        0x0 /home/link/avr8-gnu-toolchain/bin/../lib/gcc/avr/5.4.0/avr6/libgcc.a(_negsi2.o)
 .text.libgcc.prologue
                0x0000000000002dd8        0x0 /home/link/avr8-gnu-toolchain/bin/../lib/gcc/avr/5.4.0/avr6/libgcc.a(_negsi2.o)
 .text.libgcc.builtins
                0x0000000000002dd8        0x0 /home/link/avr8-gnu-toolchain/bin/../lib/gcc/avr/5.4.0/avr6/libgcc.a(_negsi2.o)
 .text.libgcc.fmul
                0x0000000000002dd8        0x0 /home/link/avr8-gnu-toolchain/bin/../lib/gcc/avr/5.4.0/avr6/libgcc.a(_negsi2.o)
 .text.libgcc.fixed
                0x0000000000002dd8        0x0 /home/link/avr8-gnu-toolchain/bin/../lib/gcc/avr/5.4.0/avr6/libgcc.a(_negsi2.o)
 .text.libgcc.mul
                0x0000000000002dd8        0x0 /home/link/avr8-gnu-toolchain/bin/../lib/gcc/avr/5.4.0/avr6/libgcc.a(_exit.o)
 .text.libgcc.div
                0x0000000000002dd8        0x0 /home/link/avr8-gnu-toolchain/bin/../lib/gcc/avr/5.4.0/avr6/libgcc.a(_exit.o)
 .text.libgcc   0x0000000000002dd8        0x0 /home/link/avr8-gnu-toolchain/bin/../lib/gcc/avr/5.4.0/avr6/libgcc.a(_exit.o)
 .text.libgcc.prologue
                0x0000000000002dd8        0x0 /home/link/avr8-gnu-toolchain/bin/../lib/gcc/avr/5.4.0/avr6/libgcc.a(_exit.o)
 .text.libgcc.builtins
                0x0000000000002dd8        0x0 /home/link/avr8-gnu-toolchain/bin/../lib/gcc/avr/5.4.0/avr6/libgcc.a(_exit.o)
 .text.libgcc.fmul
                0x0000000000002dd8        0x0 /home/link/avr8-gnu-toolchain/bin/../lib/gcc/avr/5.4.0/avr6/libgcc.a(_exit.o)
 .text.libgcc.fixed
                0x0000000000002dd8        0x0 /home/link/avr8-gnu-toolchain/bin/../lib/gcc/avr/5.4.0/avr6/libgcc.a(_exit.o)
 .text.libgcc.mul
                0x0000000000002dd8        0x0 /home/link/avr8-gnu-toolchain/bin/../lib/gcc/avr/5.4.0/avr6/libgcc.a(_copy_data.o)
 .text.libgcc.div
                0x0000000000002dd8        0x0 /home/link/avr8-gnu-toolchain/bin/../lib/gcc/avr/5.4.0/avr6/libgcc.a(_copy_data.o)
 .text.libgcc   0x0000000000002dd8        0x0 /home/link/avr8-gnu-toolchain/bin/../lib/gcc/avr/5.4.0/avr6/libgcc.a(_copy_data.o)
 .text.libgcc.prologue
                0x0000000000002dd8        0x0 /home/link/avr8-gnu-toolchain/bin/../lib/gcc/avr/5.4.0/avr6/libgcc.a(_copy_data.o)
 .text.libgcc.builtins
                0x0000000000002dd8        0x0 /home/link/avr8-gnu-toolchain/bin/../lib/gcc/avr/5.4.0/avr6/libgcc.a(_copy_data.o)
 .text.libgcc.fmul
                0x0000000000002dd8        0x0 /home/link/avr8-gnu-toolchain/bin/../lib/gcc/avr/5.4.0/avr6/libgcc.a(_copy_data.o)
 .text.libgcc.fixed
                0x0000000000002dd8        0x0 /home/link/avr8-gnu-toolchain/bin/../lib/gcc/avr/5.4.0/avr6/libgcc.a(_copy_data.o)
 .text.libgcc.mul
                0x0000000000002dd8        0x0 /home/link/avr8-gnu-toolchain/bin/../lib/gcc/avr/5.4.0/avr6/libgcc.a(_clear_bss.o)
 .text.libgcc.div
                0x0000000000002dd8        0x0 /home/link/avr8-gnu-toolchain/bin/../lib/gcc/avr/5.4.0/avr6/libgcc.a(_clear_bss.o)
 .text.libgcc   0x0000000000002dd8        0x0 /home/link/avr8-gnu-toolchain/bin/../lib/gcc/avr/5.4.0/avr6/libgcc.a(_clear_bss.o)
 .text.libgcc.prologue
                0x0000000000002dd8        0x0 /home/link/avr8-gnu-toolchain/bin/../lib/gcc/avr/5.4.0/avr6/libgcc.a(_clear_bss.o)
 .text.libgcc.builtins
                0x0000000000002dd8        0x0 /home/link/avr8-gnu-toolchain/bin/../lib/gcc/avr/5.4.0/avr6/libgcc.a(_clear_bss.o)
 .text.libgcc.fmul
                0x0000000000002dd8        0x0 /home/link/avr8-gnu-toolchain/bin/../lib/gcc/avr/5.4.0/avr6/libgcc.a(_clear_bss.o)
 .text.libgcc.fixed
                0x0000000000002dd8        0x0 /home/link/avr8-gnu-toolchain/bin/../lib/gcc/avr/5.4.0/avr6/libgcc.a(_clear_bss.o)
 .text.libgcc.mul
                0x0000000000002dd8       0x16 /home/link/avr8-gnu-toolchain/bin/../lib/gcc/avr/5.4.0/avr6/libgcc.a(_muluhisi3.o)
                0x0000000000002dd8                __muluhisi3
 .text.libgcc.div
                0x0000000000002dee        0x0 /home/link/avr8-gnu-toolchain/bin/../lib/gcc/avr/5.4.0/avr6/libgcc.a(_muluhisi3.o)
 .text.libgcc   0x0000000000002dee        0x0 /home/link/avr8-gnu-toolchain/bin/../lib/gcc/avr/5.4.0/avr6/libgcc.a(_muluhisi3.o)
 .text.libgcc.prologue
                0x0000000000002dee        0x0 /home/link/avr8-gnu-toolchain/bin/../lib/gcc/avr/5.4.0/avr6/libgcc.a(_muluhisi3.o)
 .text.libgcc.builtins
                0x0000000000002dee        0x0 /home/link/avr8-gnu-toolchain/bin/../lib/gcc/avr/5.4.0/avr6/libgcc.a(_muluhisi3.o)
 .text.libgcc.fmul
                0x0000000000002dee        0x0 /home/link/avr8-gnu-toolchain/bin/../lib/gcc/avr/5.4.0/avr6/libgcc.a(_muluhisi3.o)
 .text.libgcc.fixed
                0x0000000000002dee        0x0 /home/link/avr8-gnu-toolchain/bin/../lib/gcc/avr/5.4.0/avr6/libgcc.a(_muluhisi3.o)
 .text.libgcc.mul
                0x0000000000002dee       0x10 /home/link/avr8-gnu-toolchain/bin/../lib/gcc/avr/5.4.0/avr6/libgcc.a(_mulshisi3.o)
                0x0000000000002dee                __mulshisi3
                0x0000000000002df4                __mulohisi3
 .text.libgcc.div
                0x0000000000002dfe        0x0 /home/link/avr8-gnu-toolchain/bin/../lib/gcc/avr/5.4.0/avr6/libgcc.a(_mulshisi3.o)
 .text.libgcc   0x0000000000002dfe        0x0 /home/link/avr8-gnu-toolchain/bin/../lib/gcc/avr/5.4.0/avr6/libgcc.a(_mulshisi3.o)
 .text.libgcc.prologue
                0x0000000000002dfe        0x0 /home/link/avr8-gnu-toolchain/bin/../lib/gcc/avr/5.4.0/avr6/libgcc.a(_mulshisi3.o)
 .text.libgcc.builtins
                0x0000000000002dfe        0x0 /home/link/avr8-gnu-toolchain/bin/../lib/gcc/avr/5.4.0/avr6/libgcc.a(_mulshisi3.o)
 .text.libgcc.fmul
                0x0000000000002dfe        0x0 /home/link/avr8-gnu-toolchain/bin/../lib/gcc/avr/5.4.0/avr6/libgcc.a(_mulshisi3.o)
 .text.libgcc.fixed
                0x0000000000002dfe        0x0 /home/link/avr8-gnu-toolchain/bin/../lib/gcc/avr/5.4.0/avr6/libgcc.a(_mulshisi3.o)
 .text.libgcc.mul
                0x0000000000002dfe       0x1e /home/link/avr8-gnu-toolchain/bin/../lib/gcc/avr/5.4.0/avr6/libgcc.a(_umulhisi3.o)
                0x0000000000002dfe                __umulhisi3
 .text.libgcc.div
                0x0000000000002e1c        0x0 /home/link/avr8-gnu-toolchain/bin/../lib/gcc/avr/5.4.0/avr6/libgcc.a(_umulhisi3.o)
 .text.libgcc   0x0000000000002e1c        0x0 /home/link/avr8-gnu-toolchain/bin/../lib/gcc/avr/5.4.0/avr6/libgcc.a(_umulhisi3.o)
 .text.libgcc.prologue
                0x0000000000002e1c        0x0 /home/link/avr8-gnu-toolchain/bin/../lib/gcc/avr/5.4.0/avr6/libgcc.a(_umulhisi3.o)
 .text.libgcc.builtins
                0x0000000000002e1c        0x0 /home/link/avr8-gnu-toolchain/bin/../lib/gcc/avr/5.4.0/avr6/libgcc.a(_umulhisi3.o)
 .text.libgcc.fmul
                0x0000000000002e1c        0x0 /home/link/avr8-gnu-toolchain/bin/../lib/gcc/avr/5.4.0/avr6/libgcc.a(_umulhisi3.o)
 .text.libgcc.fixed
                0x0000000000002e1c        0x0 /home/link/avr8-gnu-toolchain/bin/../lib/gcc/avr/5.4.0/avr6/libgcc.a(_umulhisi3.o)
 .text.avr-libc
                0x0000000000002e1c       0x12 /home/link/avr8-gnu-toolchain/bin/../lib/gcc/avr/5.4.0/../../../../avr/lib/avr6/libc.a(memcpy.o)
                0x0000000000002e1c                memcpy
 .text.avr-libc
                0x0000000000002e2e       0x20 /home/link/avr8-gnu-toolchain/bin/../lib/gcc/avr/5.4.0/../../../../avr/lib/avr6/libatmega2560.a(eerd_block.o)
                0x0000000000002e2e                eeprom_read_block
                0x0000000000002e32                eeprom_read_blraw
 .text.avr-libc
                0x0000000000002e4e       0x1c /home/link/avr8-gnu-toolchain/bin/../lib/gcc/avr/5.4.0/../../../../avr/lib/avr6/libatmega2560.a(eewr_byte.o)
                0x0000000000002e4e                eeprom_write_byte
                0x0000000000002e50                eeprom_write_r18
                0x0000000000002e6a                . = ALIGN (0x2)
 *(.fini9)
 .fini9         0x0000000000002e6a        0x0 /home/link/avr8-gnu-toolchain/bin/../lib/gcc/avr/5.4.0/avr6/libgcc.a(_exit.o)
                0x0000000000002e6a                exit
                0x0000000000002e6a                _exit
 *(.fini9)
 *(.fini8)
 *(.fini8)
 *(.fini7)
 *(.fini7)
 *(.fini6)
 *(.fini6)
 *(.fini5)
 *(.fini5)
 *(.fini4)
 *(.fini4)
 *(.fini3)
 *(.fini3)
 *(.fini2)
 *(.fini2)
 *(.fini1)
 *(.fini1)
 *(.fini0)
 .fini0         0x0000000000002e6a        0x4 /home/link/avr8-gnu-toolchain/bin/../lib/gcc/avr/5.4.0/avr6/libgcc.a(_exit.o)
 *(.fini0)
                0x0000000000002e6e                _etext = .

.data           0x0000000000800200       0x50 load address 0x0000000000002e6e
                0x0000000000800200                PROVIDE (__data_start, .)
 *(.data)
 .data          0x0000000000800200        0x0 /home/link/avr8-gnu-toolchain/bin/../lib/gcc/avr/5.4.0/../../../../avr/lib/avr6/crtatmega2560.o
 .data          0x0000000000800200        0x4 main.o
 .data          0x0000000000800204        0x1 ParTest/ParTest.o
 .data          0x0000000000800205        0x0 serial/serial.o
 .data          0x0000000000800205        0x0 regtest.o
 .data          0x0000000000800205        0x0 ../../Source/tasks.o
 .data          0x0000000000800205        0x0 ../../Source/queue.o
 .data          0x0000000000800205        0x0 ../../Source/list.o
 .data          0x0000000000800205        0x0 ../../Source/croutine.o
 .data          0x0000000000800205        0x0 ../../Source/portable/MemMang/heap_1.o
 .data          0x0000000000800205        0x0 ../../Source/portable/GCC/ATMega323/port.o
 .data          0x0000000000800205        0x1 ../Common/Minimal/crflash.o
 .data          0x0000000000800206        0x0 ../Common/Minimal/integer.o
 .data          0x0000000000800206        0x0 ../Common/Minimal/PollQ.o
 .data          0x0000000000800206        0x0 ../Common/Minimal/comtest.o
 .data          0x0000000000800206        0x0 /home/link/avr8-gnu-toolchain/bin/../lib/gcc/avr/5.4.0/avr6/libgcc.a(_udivmodhi4.o)
 .data          0x0000000000800206        0x0 /home/link/avr8-gnu-toolchain/bin/../lib/gcc/avr/5.4.0/avr6/libgcc.a(_udivmodsi4.o)
 .data          0x0000000000800206        0x0 /home/link/avr8-gnu-toolchain/bin/../lib/gcc/avr/5.4.0/avr6/libgcc.a(_divmodsi4.o)
 .data          0x0000000000800206        0x0 /home/link/avr8-gnu-toolchain/bin/../lib/gcc/avr/5.4.0/avr6/libgcc.a(_negsi2.o)
 .data          0x0000000000800206        0x0 /home/link/avr8-gnu-toolchain/bin/../lib/gcc/avr/5.4.0/avr6/libgcc.a(_exit.o)
 .data          0x0000000000800206        0x0 /home/link/avr8-gnu-toolchain/bin/../lib/gcc/avr/5.4.0/avr6/libgcc.a(_copy_data.o)
 .data          0x0000000000800206        0x0 /home/link/avr8-gnu-toolchain/bin/../lib/gcc/avr/5.4.0/avr6/libgcc.a(_clear_bss.o)
 .data          0x0000000000800206        0x0 /home/link/avr8-gnu-toolchain/bin/../lib/gcc/avr/5.4.0/avr6/libgcc.a(_muluhisi3.o)
 .data          0x0000000000800206        0x0 /home/link/avr8-gnu-toolchain/bin/../lib/gcc/avr/5.4.0/avr6/libgcc.a(_mulshisi3.o)
 .data          0x0000000000800206        0x0 /home/link/avr8-gnu-toolchain/bin/../lib/gcc/avr/5.4.0/avr6/libgcc.a(_umulhisi3.o)
 .data          0x0000000000800206        0x0 /home/link/avr8-gnu-toolchain/bin/../lib/gcc/avr/5.4.0/../../../../avr/lib/avr6/libc.a(memcpy.o)
 .data          0x0000000000800206        0x0 /home/link/avr8-gnu-toolchain/bin/../lib/gcc/avr/5.4.0/../../../../avr/lib/avr6/libc.a(system_tick.o)
 .data          0x0000000000800206        0x0 /home/link/avr8-gnu-toolchain/bin/../lib/gcc/avr/5.4.0/../../../../avr/lib/avr6/libc.a(system_time.o)
 .data          0x0000000000800206        0x0 /home/link/avr8-gnu-toolchain/bin/../lib/gcc/avr/5.4.0/../../../../avr/lib/avr6/libatmega2560.a(eerd_block.o)
 .data          0x0000000000800206        0x0 /home/link/avr8-gnu-toolchain/bin/../lib/gcc/avr/5.4.0/../../../../avr/lib/avr6/libatmega2560.a(eewr_byte.o)
 *(.data*)
 *(.gnu.linkonce.d*)
 *(.rodata)
 .rodata        0x0000000000800206       0x10 ../Common/Minimal/crflash.o
 *(.rodata*)
 .rodata.str1.1
                0x0000000000800216        0x6 main.o
 .rodata.str1.1
                0x000000000080021c        0xa regtest.o
 .rodata.str1.1
                0x0000000000800226        0x5 ../../Source/tasks.o
 .rodata.str1.1
                0x000000000080022b        0x8 ../Common/Minimal/integer.o
 .rodata.str1.1
                0x0000000000800233       0x10 ../Common/Minimal/PollQ.o
 .rodata.str1.1
                0x0000000000800243        0xc ../Common/Minimal/comtest.o
 *(.gnu.linkonce.r*)
                0x0000000000800250                . = ALIGN (0x2)
 *fill*         0x000000000080024f        0x1 
                0x0000000000800250                _edata = .
                0x0000000000800250                PROVIDE (__data_end, .)

.bss            0x0000000000800250      0x68e
                0x0000000000800250                PROVIDE (__bss_start, .)
 *(.bss)
 .bss           0x0000000000800250        0x0 /home/link/avr8-gnu-toolchain/bin/../lib/gcc/avr/5.4.0/../../../../avr/lib/avr6/crtatmega2560.o
 .bss           0x0000000000800250        0x1 main.o
 .bss           0x0000000000800251        0x0 ParTest/ParTest.o
 .bss           0x0000000000800251        0x4 serial/serial.o
 .bss           0x0000000000800255        0x1 regtest.o
                0x0000000000800255                xRegTestError
 .bss           0x0000000000800256       0x5d ../../Source/tasks.o
                0x0000000000800256                pxCurrentTCB
 .bss           0x00000000008002b3        0x0 ../../Source/queue.o
 .bss           0x00000000008002b3        0x0 ../../Source/list.o
 .bss           0x00000000008002b3       0x3a ../../Source/croutine.o
                0x00000000008002b3                pxCurrentCoRoutine
 .bss           0x00000000008002ed      0x5e0 ../../Source/portable/MemMang/heap_1.o
 .bss           0x00000000008008cd        0x0 ../../Source/portable/GCC/ATMega323/port.o
 .bss           0x00000000008008cd        0x2 ../Common/Minimal/crflash.o
 .bss           0x00000000008008cf        0x1 ../Common/Minimal/integer.o
 .bss           0x00000000008008d0        0x4 ../Common/Minimal/PollQ.o
 .bss           0x00000000008008d4        0x2 ../Common/Minimal/comtest.o
 .bss           0x00000000008008d6        0x0 /home/link/avr8-gnu-toolchain/bin/../lib/gcc/avr/5.4.0/avr6/libgcc.a(_udivmodhi4.o)
 .bss           0x00000000008008d6        0x0 /home/link/avr8-gnu-toolchain/bin/../lib/gcc/avr/5.4.0/avr6/libgcc.a(_udivmodsi4.o)
 .bss           0x00000000008008d6        0x0 /home/link/avr8-gnu-toolchain/bin/../lib/gcc/avr/5.4.0/avr6/libgcc.a(_divmodsi4.o)
 .bss           0x00000000008008d6        0x0 /home/link/avr8-gnu-toolchain/bin/../lib/gcc/avr/5.4.0/avr6/libgcc.a(_negsi2.o)
 .bss           0x00000000008008d6        0x0 /home/link/avr8-gnu-toolchain/bin/../lib/gcc/avr/5.4.0/avr6/libgcc.a(_exit.o)
 .bss           0x00000000008008d6        0x0 /home/link/avr8-gnu-toolchain/bin/../lib/gcc/avr/5.4.0/avr6/libgcc.a(_copy_data.o)
 .bss           0x00000000008008d6        0x0 /home/link/avr8-gnu-toolchain/bin/../lib/gcc/avr/5.4.0/avr6/libgcc.a(_clear_bss.o)
 .bss           0x00000000008008d6        0x0 /home/link/avr8-gnu-toolchain/bin/../lib/gcc/avr/5.4.0/avr6/libgcc.a(_muluhisi3.o)
 .bss           0x00000000008008d6        0x0 /home/link/avr8-gnu-toolchain/bin/../lib/gcc/avr/5.4.0/avr6/libgcc.a(_mulshisi3.o)
 .bss           0x00000000008008d6        0x0 /home/link/avr8-gnu-toolchain/bin/../lib/gcc/avr/5.4.0/avr6/libgcc.a(_umulhisi3.o)
 .bss           0x00000000008008d6        0x0 /home/link/avr8-gnu-toolchain/bin/../lib/gcc/avr/5.4.0/../../../../avr/lib/avr6/libc.a(memcpy.o)
 .bss           0x00000000008008d6        0x0 /home/link/avr8-gnu-toolchain/bin/../lib/gcc/avr/5.4.0/../../../../avr/lib/avr6/libc.a(system_tick.o)
 .bss           0x00000000008008d6        0x0 /home/link/avr8-gnu-toolchain/bin/../lib/gcc/avr/5.4.0/../../../../avr/lib/avr6/libc.a(system_time.o)
 .bss           0x00000000008008d6        0x0 /home/link/avr8-gnu-toolchain/bin/../lib/gcc/avr/5.4.0/../../../../avr/lib/avr6/libatmega2560.a(eerd_block.o)
 .bss           0x00000000008008d6        0x0 /home/link/avr8-gnu-toolchain/bin/../lib/gcc/avr/5.4.0/../../../../avr/lib/avr6/libatmega2560.a(eewr_byte.o)
 *(.bss*)
 *(COMMON)
 COMMON         0x00000000008008d6        0x4 ../../Source/portable/GCC/ATMega323/port.o
                0x00000000008008d6                portTickRateHz
                0x00000000008008d8                ticksRemainingInSec
 COMMON         0x00000000008008da        0x4 /home/link/avr8-gnu-toolchain/bin/../lib/gcc/avr/5.4.0/../../../../avr/lib/avr6/libc.a(system_time.o)
                0x00000000008008da                __system_time
                0x00000000008008de                PROVIDE (__bss_end, .)
                0x0000000000002e6e                __data_load_start = LOADADDR (.data)
                0x0000000000002ebe                __data_load_end = (__data_load_start + SIZEOF (.data))

.noinit         0x00000000008008de        0x0
                [!provide]                        PROVIDE (__noinit_start, .)
 *(.noinit*)
                [!provide]                        PROVIDE (__noinit_end, .)
                0x00000000008008de                _end = .
                [!provide]                        PROVIDE (__heap_start, .)

.eeprom         0x0000000000810000        0x0
 *(.eeprom*)
                0x0000000000810000                __eeprom_end = .

.fuse
 *(.fuse)
 *(.lfuse)
 *(.hfuse)
 *(.efuse)

.lock
 *(.lock*)

.signature
 *(.signature*)

.user_signatures
 *(.user_signatures*)

.stab
 *(.stab)

.stabstr
 *(.stabstr)

.stab.excl
 *(.stab.excl)

.stab.exclstr
 *(.stab.exclstr)

.stab.index
 *(.stab.index)

.stab.indexstr
 *(.stab.indexstr)

.comment        0x0000000000000000       0x5c
 *(.comment)
 .comment       0x0000000000000000       0x30 main.o
                                         0x31 (size before relaxing)
 .comment       0x0000000000000030       0x31 ParTest/ParTest.o
 .comment       0x0000000000000030       0x31 serial/serial.o
 .comment       0x0000000000000030       0x31 regtest.o
 .comment       0x0000000000000030       0x31 ../../Source/tasks.o
 .comment       0x0000000000000030       0x31 ../../Source/queue.o
 .comment       0x0000000000000030       0x31 ../../Source/list.o
 .comment       0x0000000000000030       0x31 ../../Source/croutine.o
 .comment       0x0000000000000030       0x31 ../../Source/portable/MemMang/heap_1.o
 .comment       0x0000000000000030       0x31 ../../Source/portable/GCC/ATMega323/port.o
 .comment       0x0000000000000030       0x31 ../Common/Minimal/crflash.o
 .comment       0x0000000000000030       0x31 ../Common/Minimal/integer.o
 .comment       0x0000000000000030       0x31 ../Common/Minimal/PollQ.o
 .comment       0x0000000000000030       0x31 ../Common/Minimal/comtest.o
 .comment       0x0000000000000030       0x2c /home/link/avr8-gnu-toolchain/bin/../lib/gcc/avr/5.4.0/../../../../avr/lib/avr6/libc.a(system_time.o)
                                         0x2d (size before relaxing)

.note.gnu.avr.deviceinfo
                0x0000000000000000       0x40
 .note.gnu.avr.deviceinfo
                0x0000000000000000       0x40 /home/link/avr8-gnu-toolchain/bin/../lib/gcc/avr/5.4.0/../../../../avr/lib/avr6/crtatmega2560.o

.note.gnu.build-id
 *(.note.gnu.build-id)

.debug
 *(.debug)

.line
 *(.line)

.debug_srcinfo
 *(.debug_srcinfo)

.debug_sfnames
 *(.debug_sfnames)

.debug_aranges  0x0000000000000000      0x210
 *(.debug_aranges)
 .debug_aranges
                0x0000000000000000       0x28 main.o
 .debug_aranges
                0x0000000000000028       0x20 ParTest/ParTest.o
 .debug_aranges
                0x0000000000000048       0x20 serial/serial.o
 .debug_aranges
                0x0000000000000068       0x20 regtest.o
 .debug_aranges
                0x0000000000000088       0x28 ../../Source/tasks.o
 .debug_aranges
                0x00000000000000b0       0x20 ../../Source/queue.o
 .debug_aranges
                0x00000000000000d0       0x20 ../../Source/list.o
 .debug_aranges
                0x00000000000000f0       0x20 ../../Source/croutine.o
 .debug_aranges
                0x0000000000000110       0x20 ../../Source/portable/MemMang/heap_1.o
 .debug_aranges
                0x0000000000000130       0x38 ../../Source/portable/GCC/ATMega323/port.o
 .debug_aranges
                0x0000000000000168       0x20 ../Common/Minimal/crflash.o
 .debug_aranges
                0x0000000000000188       0x28 ../Common/Minimal/integer.o
 .debug_aranges
                0x00000000000001b0       0x30 ../Common/Minimal/PollQ.o
 .debug_aranges
                0x00000000000001e0       0x30 ../Common/Minimal/comtest.o

.debug_pubnames
 *(.debug_pubnames)

.debug_info     0x0000000000000000     0x63da
 *(.debug_info .gnu.linkonce.wi.*)
 .debug_info    0x0000000000000000      0xbbc /home/link/avr8-gnu-toolchain/bin/../lib/gcc/avr/5.4.0/../../../../avr/lib/avr6/crtatmega2560.o
 .debug_info    0x0000000000000bbc      0x3ee main.o
 .debug_info    0x0000000000000faa      0x171 ParTest/ParTest.o
 .debug_info    0x000000000000111b      0x3f4 serial/serial.o
 .debug_info    0x000000000000150f      0x1f7 regtest.o
 .debug_info    0x0000000000001706     0x185d ../../Source/tasks.o
 .debug_info    0x0000000000002f63     0x1741 ../../Source/queue.o
 .debug_info    0x00000000000046a4      0x2ce ../../Source/list.o
 .debug_info    0x0000000000004972      0x775 ../../Source/croutine.o
 .debug_info    0x00000000000050e7      0x1a0 ../../Source/portable/MemMang/heap_1.o
 .debug_info    0x0000000000005287      0x2ab ../../Source/portable/GCC/ATMega323/port.o
 .debug_info    0x0000000000005532      0x4e2 ../Common/Minimal/crflash.o
 .debug_info    0x0000000000005a14      0x201 ../Common/Minimal/integer.o
 .debug_info    0x0000000000005c15      0x3a3 ../Common/Minimal/PollQ.o
 .debug_info    0x0000000000005fb8      0x422 ../Common/Minimal/comtest.o

.debug_abbrev   0x0000000000000000     0x2050
 *(.debug_abbrev)
 .debug_abbrev  0x0000000000000000      0xb1a /home/link/avr8-gnu-toolchain/bin/../lib/gcc/avr/5.4.0/../../../../avr/lib/avr6/crtatmega2560.o
 .debug_abbrev  0x0000000000000b1a      0x170 main.o
 .debug_abbrev  0x0000000000000c8a       0xc8 ParTest/ParTest.o
 .debug_abbrev  0x0000000000000d52      0x150 serial/serial.o
 .debug_abbrev  0x0000000000000ea2       0xf4 regtest.o
 .debug_abbrev  0x0000000000000f96      0x35a ../../Source/tasks.o
 .debug_abbrev  0x00000000000012f0      0x2b9 ../../Source/queue.o
 .debug_abbrev  0x00000000000015a9       0xfd ../../Source/list.o
 .debug_abbrev  0x00000000000016a6      0x242 ../../Source/croutine.o
 .debug_abbrev  0x00000000000018e8      0x11a ../../Source/portable/MemMang/heap_1.o
 .debug_abbrev  0x0000000000001a02      0x151 ../../Source/portable/GCC/ATMega323/port.o
 .debug_abbrev  0x0000000000001b53      0x178 ../Common/Minimal/crflash.o
 .debug_abbrev  0x0000000000001ccb      0x112 ../Common/Minimal/integer.o
 .debug_abbrev  0x0000000000001ddd      0x118 ../Common/Minimal/PollQ.o
 .debug_abbrev  0x0000000000001ef5      0x15b ../Common/Minimal/comtest.o

.debug_line     0x0000000000000000     0x36ff
 *(.debug_line .debug_line.* .debug_line_end)
 .debug_line    0x0000000000000000       0x1a /home/link/avr8-gnu-toolchain/bin/../lib/gcc/avr/5.4.0/../../../../avr/lib/avr6/crtatmega2560.o
 .debug_line    0x000000000000001a      0x22f main.o
 .debug_line    0x0000000000000249      0x16e ParTest/ParTest.o
 .debug_line    0x00000000000003b7      0x1da serial/serial.o
 .debug_line    0x0000000000000591      0xb4c regtest.o
 .debug_line    0x00000000000010dd      0xb74 ../../Source/tasks.o
 .debug_line    0x0000000000001c51      0xa65 ../../Source/queue.o
 .debug_line    0x00000000000026b6      0x1ca ../../Source/list.o
 .debug_line    0x0000000000002880      0x312 ../../Source/croutine.o
 .debug_line    0x0000000000002b92      0x154 ../../Source/portable/MemMang/heap_1.o
 .debug_line    0x0000000000002ce6      0x2da ../../Source/portable/GCC/ATMega323/port.o
 .debug_line    0x0000000000002fc0      0x223 ../Common/Minimal/crflash.o
 .debug_line    0x00000000000031e3      0x12b ../Common/Minimal/integer.o
 .debug_line    0x000000000000330e      0x1f0 ../Common/Minimal/PollQ.o
 .debug_line    0x00000000000034fe      0x201 ../Common/Minimal/comtest.o

.debug_frame    0x0000000000000000      0xeb0
 *(.debug_frame)
 .debug_frame   0x0000000000000000       0x68 main.o
 .debug_frame   0x0000000000000068       0x64 ParTest/ParTest.o
 .debug_frame   0x00000000000000cc      0x178 serial/serial.o
 .debug_frame   0x0000000000000244       0x68 regtest.o
 .debug_frame   0x00000000000002ac      0x434 ../../Source/tasks.o
 .debug_frame   0x00000000000006e0      0x378 ../../Source/queue.o
 .debug_frame   0x0000000000000a58       0x94 ../../Source/list.o
 .debug_frame   0x0000000000000aec       0xd0 ../../Source/croutine.o
 .debug_frame   0x0000000000000bbc       0x60 ../../Source/portable/MemMang/heap_1.o
 .debug_frame   0x0000000000000c1c       0x74 ../../Source/portable/GCC/ATMega323/port.o
 .debug_frame   0x0000000000000c90       0xa0 ../Common/Minimal/crflash.o
 .debug_frame   0x0000000000000d30       0x6c ../Common/Minimal/integer.o
 .debug_frame   0x0000000000000d9c       0x94 ../Common/Minimal/PollQ.o
 .debug_frame   0x0000000000000e30       0x80 ../Common/Minimal/comtest.o

.debug_str      0x0000000000000000     0x1c91
 *(.debug_str)
 .debug_str     0x0000000000000000      0x3e6 /home/link/avr8-gnu-toolchain/bin/../lib/gcc/avr/5.4.0/../../../../avr/lib/avr6/crtatmega2560.o
 .debug_str     0x00000000000003e6      0x33f main.o
                                        0x383 (size before relaxing)
 .debug_str     0x0000000000000725       0x68 ParTest/ParTest.o
                                        0x1db (size before relaxing)
 .debug_str     0x000000000000078d      0x18f serial/serial.o
                                        0x310 (size before relaxing)
 .debug_str     0x000000000000091c       0x3c regtest.o
                                        0x1e7 (size before relaxing)
 .debug_str     0x0000000000000958      0x94e ../../Source/tasks.o
                                        0xb73 (size before relaxing)
 .debug_str     0x00000000000012a6      0x3c7 ../../Source/queue.o
                                        0x7e5 (size before relaxing)
 .debug_str     0x000000000000166d       0x5c ../../Source/list.o
                                        0x292 (size before relaxing)
 .debug_str     0x00000000000016c9      0x211 ../../Source/croutine.o
                                        0x51d (size before relaxing)
 .debug_str     0x00000000000018da       0x8b ../../Source/portable/MemMang/heap_1.o
                                        0x214 (size before relaxing)
 .debug_str     0x0000000000001965       0xc5 ../../Source/portable/GCC/ATMega323/port.o
                                        0x2d2 (size before relaxing)
 .debug_str     0x0000000000001a2a       0xc1 ../Common/Minimal/crflash.o
                                        0x3f1 (size before relaxing)
 .debug_str     0x0000000000001aeb       0x5d ../Common/Minimal/integer.o
                                        0x245 (size before relaxing)
 .debug_str     0x0000000000001b48       0xa9 ../Common/Minimal/PollQ.o
                                        0x30d (size before relaxing)
 .debug_str     0x0000000000001bf1       0xa0 ../Common/Minimal/comtest.o
                                        0x31d (size before relaxing)

.debug_loc      0x0000000000000000     0x4d9f
 *(.debug_loc)
 .debug_loc     0x0000000000000000       0x95 main.o
 .debug_loc     0x0000000000000095      0x15c ParTest/ParTest.o
 .debug_loc     0x00000000000001f1      0x4e4 serial/serial.o
 .debug_loc     0x00000000000006d5       0x3c regtest.o
 .debug_loc     0x0000000000000711     0x186f ../../Source/tasks.o
 .debug_loc     0x0000000000001f80     0x1c37 ../../Source/queue.o
 .debug_loc     0x0000000000003bb7      0x1d7 ../../Source/list.o
 .debug_loc     0x0000000000003d8e      0x41c ../../Source/croutine.o
 .debug_loc     0x00000000000041aa       0xd3 ../../Source/portable/MemMang/heap_1.o
 .debug_loc     0x000000000000427d      0x2e8 ../../Source/portable/GCC/ATMega323/port.o
 .debug_loc     0x0000000000004565      0x286 ../Common/Minimal/crflash.o
 .debug_loc     0x00000000000047eb      0x19f ../Common/Minimal/integer.o
 .debug_loc     0x000000000000498a      0x208 ../Common/Minimal/PollQ.o
 .debug_loc     0x0000000000004b92      0x20d ../Common/Minimal/comtest.o

.debug_macinfo
 *(.debug_macinfo)

.debug_weaknames
 *(.debug_weaknames)

.debug_funcnames
 *(.debug_funcnames)

.debug_typenames
 *(.debug_typenames)

.debug_varnames
 *(.debug_varnames)

.debug_pubtypes
 *(.debug_pubtypes)

.debug_ranges   0x0000000000000000      0x148
 *(.debug_ranges)
 .debug_ranges  0x0000000000000000       0x30 main.o
 .debug_ranges  0x0000000000000030       0x80 ../../Source/tasks.o
 .debug_ranges  0x00000000000000b0       0x18 ../../Source/croutine.o
 .debug_ranges  0x00000000000000c8       0x28 ../../Source/portable/GCC/ATMega323/port.o
 .debug_ranges  0x00000000000000f0       0x18 ../Common/Minimal/integer.o
 .debug_ranges  0x0000000000000108       0x20 ../Common/Minimal/PollQ.o
 .debug_ranges  0x0000000000000128       0x20 ../Common/Minimal/comtest.o

.debug_macro
 *(.debug_macro)
OUTPUT(rtosdemo.elf elf32-avr)
LOAD linker stubs

Cross Reference Table

Symbol                                            File
__FUSE_REGION_LENGTH__                            /home/link/avr8-gnu-toolchain/bin/../lib/gcc/avr/5.4.0/../../../../avr/lib/avr6/crtatmega2560.o
__bad_interrupt                                   /home/link/avr8-gnu-toolchain/bin/../lib/gcc/avr/5.4.0/../../../../avr/lib/avr6/crtatmega2560.o
__bss_end                                         /home/link/avr8-gnu-toolchain/bin/../lib/gcc/avr/5.4.0/avr6/libgcc.a(_clear_bss.o)
__bss_start                                       /home/link/avr8-gnu-toolchain/bin/../lib/gcc/avr/5.4.0/avr6/libgcc.a(_clear_bss.o)
__data_end                                        /home/link/avr8-gnu-toolchain/bin/../lib/gcc/avr/5.4.0/avr6/libgcc.a(_copy_data.o)
__data_load_start                                 /home/link/avr8-gnu-toolchain/bin/../lib/gcc/avr/5.4.0/avr6/libgcc.a(_copy_data.o)
__data_start                                      /home/link/avr8-gnu-toolchain/bin/../lib/gcc/avr/5.4.0/avr6/libgcc.a(_copy_data.o)
__divmodsi4                                       /home/link/avr8-gnu-toolchain/bin/../lib/gcc/avr/5.4.0/avr6/libgcc.a(_divmodsi4.o)
                                                  ../Common/Minimal/integer.o
__do_clear_bss                                    /home/link/avr8-gnu-toolchain/bin/../lib/gcc/avr/5.4.0/avr6/libgcc.a(_clear_bss.o)
                                                  /home/link/avr8-gnu-toolchain/bin/../lib/gcc/avr/5.4.0/../../../../avr/lib/avr6/libc.a(system_time.o)
                                                  ../Common/Minimal/comtest.o
                                                  ../Common/Minimal/PollQ.o
                                                  ../Common/Minimal/integer.o
                                                  ../Common/Minimal/crflash.o
                                                  ../../Source/portable/GCC/ATMega323/port.o
                                                  ../../Source/portable/MemMang/heap_1.o
                                                  ../../Source/croutine.o
                                                  ../../Source/tasks.o
                                                  regtest.o
                                                  serial/serial.o
                                                  main.o
__do_copy_data                                    /home/link/avr8-gnu-toolchain/bin/../lib/gcc/avr/5.4.0/avr6/libgcc.a(_copy_data.o)
                                                  ../Common/Minimal/comtest.o
                                                  ../Common/Minimal/PollQ.o
                                                  ../Common/Minimal/integer.o
                                                  ../Common/Minimal/crflash.o
                                                  ../../Source/tasks.o
                                                  regtest.o
                                                  ParTest/ParTest.o
                                                  main.o
__heap_end                                        /home/link/avr8-gnu-toolchain/bin/../lib/gcc/avr/5.4.0/../../../../avr/lib/avr6/crtatmega2560.o
__init                                            /home/link/avr8-gnu-toolchain/bin/../lib/gcc/avr/5.4.0/../../../../avr/lib/avr6/crtatmega2560.o
__mulohisi3                                       /home/link/avr8-gnu-toolchain/bin/../lib/gcc/avr/5.4.0/avr6/libgcc.a(_mulshisi3.o)
                                                  ../Common/Minimal/integer.o
__mulshisi3                                       /home/link/avr8-gnu-toolchain/bin/../lib/gcc/avr/5.4.0/avr6/libgcc.a(_mulshisi3.o)
__muluhisi3                                       /home/link/avr8-gnu-toolchain/bin/../lib/gcc/avr/5.4.0/avr6/libgcc.a(_muluhisi3.o)
                                                  /home/link/avr8-gnu-toolchain/bin/../lib/gcc/avr/5.4.0/avr6/libgcc.a(_mulshisi3.o)
                                                  main.o
__negsi2                                          /home/link/avr8-gnu-toolchain/bin/../lib/gcc/avr/5.4.0/avr6/libgcc.a(_negsi2.o)
                                                  /home/link/avr8-gnu-toolchain/bin/../lib/gcc/avr/5.4.0/avr6/libgcc.a(_divmodsi4.o)
__stack                                           /home/link/avr8-gnu-toolchain/bin/../lib/gcc/avr/5.4.0/../../../../avr/lib/avr6/crtatmega2560.o
__system_time                                     /home/link/avr8-gnu-toolchain/bin/../lib/gcc/avr/5.4.0/../../../../avr/lib/avr6/libc.a(system_time.o)
                                                  /home/link/avr8-gnu-toolchain/bin/../lib/gcc/avr/5.4.0/../../../../avr/lib/avr6/libc.a(system_tick.o)
__udivmodhi4                                      /home/link/avr8-gnu-toolchain/bin/../lib/gcc/avr/5.4.0/avr6/libgcc.a(_udivmodhi4.o)
                                                  ../Common/Minimal/comtest.o
__udivmodsi4                                      /home/link/avr8-gnu-toolchain/bin/../lib/gcc/avr/5.4.0/avr6/libgcc.a(_udivmodsi4.o)
                                                  /home/link/avr8-gnu-toolchain/bin/../lib/gcc/avr/5.4.0/avr6/libgcc.a(_divmodsi4.o)
                                                  serial/serial.o
__umulhisi3                                       /home/link/avr8-gnu-toolchain/bin/../lib/gcc/avr/5.4.0/avr6/libgcc.a(_umulhisi3.o)
                                                  /home/link/avr8-gnu-toolchain/bin/../lib/gcc/avr/5.4.0/avr6/libgcc.a(_muluhisi3.o)
__vector_1                                        /home/link/avr8-gnu-toolchain/bin/../lib/gcc/avr/5.4.0/../../../../avr/lib/avr6/crtatmega2560.o
__vector_10                                       /home/link/avr8-gnu-toolchain/bin/../lib/gcc/avr/5.4.0/../../../../avr/lib/avr6/crtatmega2560.o
__vector_11                                       /home/link/avr8-gnu-toolchain/bin/../lib/gcc/avr/5.4.0/../../../../avr/lib/avr6/crtatmega2560.o
__vector_12                                       /home/link/avr8-gnu-toolchain/bin/../lib/gcc/avr/5.4.0/../../../../avr/lib/avr6/crtatmega2560.o
__vector_13                                       /home/link/avr8-gnu-toolchain/bin/../lib/gcc/avr/5.4.0/../../../../avr/lib/avr6/crtatmega2560.o
__vector_14                                       /home/link/avr8-gnu-toolchain/bin/../lib/gcc/avr/5.4.0/../../../../avr/lib/avr6/crtatmega2560.o
__vector_15                                       /home/link/avr8-gnu-toolchain/bin/../lib/gcc/avr/5.4.0/../../../../avr/lib/avr6/crtatmega2560.o
__vector_16                                       /home/link/avr8-gnu-toolchain/bin/../lib/gcc/avr/5.4.0/../../../../avr/lib/avr6/crtatmega2560.o
__vector_17                                       ../../Source/portable/GCC/ATMega323/port.o
                                                  /home/link/avr8-gnu-toolchain/bin/../lib/gcc/avr/5.4.0/../../../../avr/lib/avr6/crtatmega2560.o
__vector_18                                       /home/link/avr8-gnu-toolchain/bin/../lib/gcc/avr/5.4.0/../../../../avr/lib/avr6/crtatmega2560.o
__vector_19                                       /home/link/avr8-gnu-toolchain/bin/../lib/gcc/avr/5.4.0/../../../../avr/lib/avr6/crtatmega2560.o
__vector_2                                        /home/link/avr8-gnu-toolchain/bin/../lib/gcc/avr/5.4.0/../../../../avr/lib/avr6/crtatmega2560.o
__vector_20                                       /home/link/avr8-gnu-toolchain/bin/../lib/gcc/avr/5.4.0/../../../../avr/lib/avr6/crtatmega2560.o
__vector_21                                       /home/link/avr8-gnu-toolchain/bin/../lib/gcc/avr/5.4.0/../../../../avr/lib/avr6/crtatmega2560.o
__vector_22                                       /home/link/avr8-gnu-toolchain/bin/../lib/gcc/avr/5.4.0/../../../../avr/lib/avr6/crtatmega2560.o
__vector_23                                       /home/link/avr8-gnu-toolchain/bin/../lib/gcc/avr/5.4.0/../../../../avr/lib/avr6/crtatmega2560.o
__vector_24                                       /home/link/avr8-gnu-toolchain/bin/../lib/gcc/avr/5.4.0/../../../../avr/lib/avr6/crtatmega2560.o
__vector_25                                       serial/serial.o
                                                  /home/link/avr8-gnu-toolchain/bin/../lib/gcc/avr/5.4.0/../../../../avr/lib/avr6/crtatmega2560.o
__vector_26                                       serial/serial.o
                                                  /home/link/avr8-gnu-toolchain/bin/../lib/gcc/avr/5.4.0/../../../../avr/lib/avr6/crtatmega2560.o
__vector_27                                       /home/link/avr8-gnu-toolchain/bin/../lib/gcc/avr/5.4.0/../../../../avr/lib/avr6/crtatmega2560.o
__vector_28                                       /home/link/avr8-gnu-toolchain/bin/../lib/gcc/avr/5.4.0/../../../../avr/lib/avr6/crtatmega2560.o
__vector_29                                       /home/link/avr8-gnu-toolchain/bin/../lib/gcc/avr/5.4.0/../../../../avr/lib/avr6/crtatmega2560.o
__vector_3                                        /home/link/avr8-gnu-toolchain/bin/../lib/gcc/avr/5.4.0/../../../../avr/lib/avr6/crtatmega2560.o
__vector_30                                       /home/link/avr8-gnu-toolchain/bin/../lib/gcc/avr/5.4.0/../../../../avr/lib/avr6/crtatmega2560.o
__vector_31                                       /home/link/avr8-gnu-toolchain/bin/../lib/gcc/avr/5.4.0/../../../../avr/lib/avr6/crtatmega2560.o
__vector_32                                       /home/link/avr8-gnu-toolchain/bin/../lib/gcc/avr/5.4.0/../../../../avr/lib/avr6/crtatmega2560.o
__vector_33                                       /home/link/avr8-gnu-toolchain/bin/../lib/gcc/avr/5.4.0/../../../../avr/lib/avr6/crtatmega2560.o
__vector_34                                       /home/link/avr8-gnu-toolchain/bin/../lib/gcc/avr/5.4.0/../../../../avr/lib/avr6/crtatmega2560.o
__vector_35                                       /home/link/avr8-gnu-toolchain/bin/../lib/gcc/avr/5.4.0/../../../../avr/lib/avr6/crtatmega2560.o
__vector_36                                       /home/link/avr8-gnu-toolchain/bin/../lib/gcc/avr/5.4.0/../../../../avr/lib/avr6/crtatmega2560.o
__vector_37                                       /home/link/avr8-gnu-toolchain/bin/../lib/gcc/avr/5.4.0/../../../../avr/lib/avr6/crtatmega2560.o
__vector_38                                       /home/link/avr8-gnu-toolchain/bin/../lib/gcc/avr/5.4.0/../../../../avr/lib/avr6/crtatmega2560.o
__vector_39                                       /home/link/avr8-gnu-toolchain/bin/../lib/gcc/avr/5.4.0/../../../../avr/lib/avr6/crtatmega2560.o
__vector_4                                        /home/link/avr8-gnu-toolchain/bin/../lib/gcc/avr/5.4.0/../../../../avr/lib/avr6/crtatmega2560.o
__vector_40                                       /home/link/avr8-gnu-toolchain/bin/../lib/gcc/avr/5.4.0/../../../../avr/lib/avr6/crtatmega2560.o
__vector_41                                       /home/link/avr8-gnu-toolchain/bin/../lib/gcc/avr/5.4.0/../../../../avr/lib/avr6/crtatmega2560.o
__vector_42                                       /home/link/avr8-gnu-toolchain/bin/../lib/gcc/avr/5.4.0/../../../../avr/lib/avr6/crtatmega2560.o
__vector_43                                       /home/link/avr8-gnu-toolchain/bin/../lib/gcc/avr/5.4.0/../../../../avr/lib/avr6/crtatmega2560.o
__vector_44                                       /home/link/avr8-gnu-toolchain/bin/../lib/gcc/avr/5.4.0/../../../../avr/lib/avr6/crtatmega2560.o
__vector_45                                       /home/link/avr8-gnu-toolchain/bin/../lib/gcc/avr/5.4.0/../../../../avr/lib/avr6/crtatmega2560.o
__vector_46                                       /home/link/avr8-gnu-toolchain/bin/../lib/gcc/avr/5.4.0/../../../../avr/lib/avr6/crtatmega2560.o
__vector_47                                       /home/link/avr8-gnu-toolchain/bin/../lib/gcc/avr/5.4.0/../../../../avr/lib/avr6/crtatmega2560.o
__vector_48                                       /home/link/avr8-gnu-toolchain/bin/../lib/gcc/avr/5.4.0/../../../../avr/lib/avr6/crtatmega2560.o
__vector_49                                       /home/link/avr8-gnu-toolchain/bin/../lib/gcc/avr/5.4.0/../../../../avr/lib/avr6/crtatmega2560.o
__vector_5                                        /home/link/avr8-gnu-toolchain/bin/../lib/gcc/avr/5.4.0/../../../../avr/lib/avr6/crtatmega2560.o
__vector_50                                       /home/link/avr8-gnu-toolchain/bin/../lib/gcc/avr/5.4.0/../../../../avr/lib/avr6/crtatmega2560.o
__vector_51                                       /home/link/avr8-gnu-toolchain/bin/../lib/gcc/avr/5.4.0/../../../../avr/lib/avr6/crtatmega2560.o
__vector_52                                       /home/link/avr8-gnu-toolchain/bin/../lib/gcc/avr/5.4.0/../../../../avr/lib/avr6/crtatmega2560.o
__vector_53                                       /home/link/avr8-gnu-toolchain/bin/../lib/gcc/avr/5.4.0/../../../../avr/lib/avr6/crtatmega2560.o
__vector_54                                       /home/link/avr8-gnu-toolchain/bin/../lib/gcc/avr/5.4.0/../../../../avr/lib/avr6/crtatmega2560.o
__vector_55                                       /home/link/avr8-gnu-toolchain/bin/../lib/gcc/avr/5.4.0/../../../../avr/lib/avr6/crtatmega2560.o
__vector_56                                       /home/link/avr8-gnu-toolchain/bin/../lib/gcc/avr/5.4.0/../../../../avr/lib/avr6/crtatmega2560.o
__vector_6                                        /home/link/avr8-gnu-toolchain/bin/../lib/gcc/avr/5.4.0/../../../../avr/lib/avr6/crtatmega2560.o
__vector_7                                        /home/link/avr8-gnu-toolchain/bin/../lib/gcc/avr/5.4.0/../../../../avr/lib/avr6/crtatmega2560.o
__vector_8                                        /home/link/avr8-gnu-toolchain/bin/../lib/gcc/avr/5.4.0/../../../../avr/lib/avr6/crtatmega2560.o
__vector_9                                        /home/link/avr8-gnu-toolchain/bin/../lib/gcc/avr/5.4.0/../../../../avr/lib/avr6/crtatmega2560.o
__vector_default                                  /home/link/avr8-gnu-toolchain/bin/../lib/gcc/avr/5.4.0/../../../../avr/lib/avr6/crtatmega2560.o
__vectors                                         /home/link/avr8-gnu-toolchain/bin/../lib/gcc/avr/5.4.0/../../../../avr/lib/avr6/crtatmega2560.o
_exit                                             /home/link/avr8-gnu-toolchain/bin/../lib/gcc/avr/5.4.0/avr6/libgcc.a(_exit.o)
eeprom_read_block                                 /home/link/avr8-gnu-toolchain/bin/../lib/gcc/avr/5.4.0/../../../../avr/lib/avr6/libatmega2560.a(eerd_block.o)
                                                  main.o
eeprom_read_blraw                                 /home/link/avr8-gnu-toolchain/bin/../lib/gcc/avr/5.4.0/../../../../avr/lib/avr6/libatmega2560.a(eerd_block.o)
eeprom_write_byte                                 /home/link/avr8-gnu-toolchain/bin/../lib/gcc/avr/5.4.0/../../../../avr/lib/avr6/libatmega2560.a(eewr_byte.o)
                                                  main.o
eeprom_write_r18                                  /home/link/avr8-gnu-toolchain/bin/../lib/gcc/avr/5.4.0/../../../../avr/lib/avr6/libatmega2560.a(eewr_byte.o)
exit                                              /home/link/avr8-gnu-toolchain/bin/../lib/gcc/avr/5.4.0/avr6/libgcc.a(_exit.o)
                                                  /home/link/avr8-gnu-toolchain/bin/../lib/gcc/avr/5.4.0/../../../../avr/lib/avr6/crtatmega2560.o
main                                              main.o
                                                  /home/link/avr8-gnu-toolchain/bin/../lib/gcc/avr/5.4.0/../../../../avr/lib/avr6/crtatmega2560.o
memcpy                                            /home/link/avr8-gnu-toolchain/bin/../lib/gcc/avr/5.4.0/../../../../avr/lib/avr6/libc.a(memcpy.o)
                                                  ../../Source/queue.o
pcTaskGetName                                     ../../Source/tasks.o
portTickRateHz                                    ../../Source/portable/GCC/ATMega323/port.o
pvPortMalloc                                      ../../Source/portable/MemMang/heap_1.o
                                                  ../../Source/croutine.o
                                                  ../../Source/queue.o
                                                  ../../Source/tasks.o
pxCurrentCoRoutine                                ../../Source/croutine.o
pxCurrentTCB                                      ../../Source/tasks.o
                                                  ../../Source/portable/GCC/ATMega323/port.o
pxPortInitialiseStack                             ../../Source/portable/GCC/ATMega323/port.o
                                                  ../../Source/tasks.o
system_tick                                       /home/link/avr8-gnu-toolchain/bin/../lib/gcc/avr/5.4.0/../../../../avr/lib/avr6/libc.a(system_tick.o)
                                                  ../../Source/portable/GCC/ATMega323/port.o
ticksRemainingInSec                               ../../Source/portable/GCC/ATMega323/port.o
ulTaskNotifyTake                                  ../../Source/tasks.o
uxListRemove                                      ../../Source/list.o
                                                  ../../Source/croutine.o
                                                  ../../Source/tasks.o
uxQueueMessagesWaiting                            ../../Source/queue.o
                                                  ../Common/Minimal/PollQ.o
uxQueueMessagesWaitingFromISR                     ../../Source/queue.o
uxQueueSpacesAvailable                            ../../Source/queue.o
uxTaskGetNumberOfTasks                            ../../Source/tasks.o
uxTaskResetEventItemValue                         ../../Source/tasks.o
vAltStartComTestTasks                             ../Common/Minimal/comtest.o
                                                  main.o
vApplicationIdleHook                              main.o
                                                  ../../Source/tasks.o
vCoRoutineAddToDelayedList                        ../../Source/croutine.o
                                                  ../Common/Minimal/crflash.o
                                                  ../../Source/queue.o
vCoRoutineSchedule                                ../../Source/croutine.o
                                                  main.o
vListInitialise                                   ../../Source/list.o
                                                  ../../Source/croutine.o
                                                  ../../Source/queue.o
                                                  ../../Source/tasks.o
vListInitialiseItem                               ../../Source/list.o
                                                  ../../Source/croutine.o
                                                  ../../Source/tasks.o
vListInsert                                       ../../Source/list.o
                                                  ../../Source/croutine.o
                                                  ../../Source/tasks.o
vListInsertEnd                                    ../../Source/list.o
                                                  ../../Source/croutine.o
                                                  ../../Source/tasks.o
vParTestInitialise                                ParTest/ParTest.o
                                                  main.o
vParTestSetLED                                    ParTest/ParTest.o
                                                  ../Common/Minimal/comtest.o
vParTestToggleLED                                 ParTest/ParTest.o
                                                  ../Common/Minimal/comtest.o
                                                  ../Common/Minimal/crflash.o
                                                  main.o
vPortEndScheduler                                 ../../Source/portable/GCC/ATMega323/port.o
                                                  ../../Source/tasks.o
vPortFree                                         ../../Source/portable/MemMang/heap_1.o
                                                  ../../Source/queue.o
                                                  ../../Source/tasks.o
vPortInitialiseBlocks                             ../../Source/portable/MemMang/heap_1.o
vPortYield                                        ../../Source/portable/GCC/ATMega323/port.o
                                                  ../../Source/queue.o
                                                  ../../Source/tasks.o
                                                  serial/serial.o
vPortYieldFromTick                                ../../Source/portable/GCC/ATMega323/port.o
vQueueDelete                                      ../../Source/queue.o
vSerialClose                                      serial/serial.o
vStartFlashCoRoutines                             ../Common/Minimal/crflash.o
                                                  main.o
vStartIntegerMathTasks                            ../Common/Minimal/integer.o
                                                  main.o
vStartPolledQueueTasks                            ../Common/Minimal/PollQ.o
                                                  main.o
vStartRegTestTasks                                regtest.o
                                                  main.o
vTaskDelay                                        ../../Source/tasks.o
                                                  ../Common/Minimal/comtest.o
                                                  ../Common/Minimal/PollQ.o
                                                  main.o
vTaskDelayUntil                                   ../../Source/tasks.o
vTaskDelete                                       ../../Source/tasks.o
vTaskEndScheduler                                 ../../Source/tasks.o
vTaskInternalSetTimeOutState                      ../../Source/tasks.o
                                                  ../../Source/queue.o
vTaskMissedYield                                  ../../Source/tasks.o
                                                  ../../Source/queue.o
vTaskNotifyGiveFromISR                            ../../Source/tasks.o
vTaskPlaceOnEventList                             ../../Source/tasks.o
                                                  ../../Source/queue.o
vTaskPlaceOnUnorderedEventList                    ../../Source/tasks.o
vTaskRemoveFromUnorderedEventList                 ../../Source/tasks.o
vTaskSetTimeOutState                              ../../Source/tasks.o
vTaskStartScheduler                               ../../Source/tasks.o
                                                  main.o
vTaskSuspendAll                                   ../../Source/tasks.o
                                                  ../../Source/portable/MemMang/heap_1.o
                                                  ../../Source/queue.o
                                                  ParTest/ParTest.o
vTaskSwitchContext                                ../../Source/tasks.o
                                                  ../../Source/portable/GCC/ATMega323/port.o
xAreComTestTasksStillRunning                      ../Common/Minimal/comtest.o
                                                  main.o
xAreFlashCoRoutinesStillRunning                   ../Common/Minimal/crflash.o
xAreIntegerMathsTaskStillRunning                  ../Common/Minimal/integer.o
                                                  main.o
xArePollingQueuesStillRunning                     ../Common/Minimal/PollQ.o
                                                  main.o
xAreRegTestTasksStillRunning                      regtest.o
                                                  main.o
xCoRoutineCreate                                  ../../Source/croutine.o
                                                  ../Common/Minimal/crflash.o
xCoRoutineRemoveFromEventList                     ../../Source/croutine.o
                                                  ../../Source/queue.o
xPortGetFreeHeapSize                              ../../Source/portable/MemMang/heap_1.o
xPortStartScheduler                               ../../Source/portable/GCC/ATMega323/port.o
                                                  ../../Source/tasks.o
xQueueCRReceive                                   ../../Source/queue.o
                                                  ../Common/Minimal/crflash.o
xQueueCRReceiveFromISR                            ../../Source/queue.o
xQueueCRSend                                      ../../Source/queue.o
                                                  ../Common/Minimal/crflash.o
xQueueCRSendFromISR                               ../../Source/queue.o
xQueueGenericCreate                               ../../Source/queue.o
                                                  ../Common/Minimal/PollQ.o
                                                  ../Common/Minimal/crflash.o
                                                  serial/serial.o
xQueueGenericReset                                ../../Source/queue.o
xQueueGenericSend                                 ../../Source/queue.o
                                                  ../Common/Minimal/PollQ.o
                                                  serial/serial.o
xQueueGenericSendFromISR                          ../../Source/queue.o
                                                  serial/serial.o
xQueueGiveFromISR                                 ../../Source/queue.o
xQueueIsQueueEmptyFromISR                         ../../Source/queue.o
xQueueIsQueueFullFromISR                          ../../Source/queue.o
xQueuePeek                                        ../../Source/queue.o
xQueuePeekFromISR                                 ../../Source/queue.o
xQueueReceive                                     ../../Source/queue.o
                                                  ../Common/Minimal/PollQ.o
                                                  serial/serial.o
xQueueReceiveFromISR                              ../../Source/queue.o
                                                  serial/serial.o
xQueueSemaphoreTake                               ../../Source/queue.o
xRegTestError                                     regtest.o
xSerialGetChar                                    serial/serial.o
                                                  ../Common/Minimal/comtest.o
xSerialPortInitMinimal                            serial/serial.o
                                                  ../Common/Minimal/comtest.o
xSerialPutChar                                    serial/serial.o
                                                  ../Common/Minimal/comtest.o
xTaskCheckForTimeOut                              ../../Source/tasks.o
                                                  ../../Source/queue.o
xTaskCreate                                       ../../Source/tasks.o
                                                  ../Common/Minimal/comtest.o
                                                  ../Common/Minimal/PollQ.o
                                                  ../Common/Minimal/integer.o
                                                  regtest.o
                                                  main.o
xTaskGenericNotify                                ../../Source/tasks.o
xTaskGenericNotifyFromISR                         ../../Source/tasks.o
xTaskGetTickCount                                 ../../Source/tasks.o
                                                  ../Common/Minimal/comtest.o
                                                  ../../Source/croutine.o
xTaskGetTickCountFromISR                          ../../Source/tasks.o
xTaskIncrementTick                                ../../Source/tasks.o
                                                  ../../Source/portable/GCC/ATMega323/port.o
xTaskNotifyStateClear                             ../../Source/tasks.o
xTaskNotifyWait                                   ../../Source/tasks.o
xTaskRemoveFromEventList                          ../../Source/tasks.o
                                                  ../../Source/queue.o
xTaskResumeAll                                    ../../Source/tasks.o
                                                  ../../Source/portable/MemMang/heap_1.o
                                                  ../../Source/queue.o
                                                  ParTest/ParTest.o
